[livedemo00.template-help.com/wt_prod-10492/theme/index.html]
[backblue.gif]
[fade.gif]
[index.html]
[livedemo00.template-help.com/wt_prod-10492/theme/images/favicon.ico]
[livedemo00.template-help.com/wt_prod-10492/theme/css/bootstrap.css]
[livedemo00.template-help.com/wt_prod-10492/theme/css/fonts.css]
[livedemo00.template-help.com/wt_prod-10492/theme/css/style.css]
[livedemo00.template-help.com/wt_prod-10492/theme/images/logo-default-280x92.png]
[livedemo00.template-help.com/wt_prod-10492/theme/images/logo-inverse-280x92.png]
[livedemo00.template-help.com/wt_prod-10492/theme/smoothie-shop.html]
[livedemo00.template-help.com/wt_prod-10492/theme/fruit-farm.html]
[livedemo00.template-help.com/wt_prod-10492/theme/poultry-farm.html]
[livedemo00.template-help.com/wt_prod-10492/theme/winery.html]
[livedemo00.template-help.com/wt_prod-10492/theme/dairy-farm.html]
[livedemo00.template-help.com/wt_prod-10492/theme/about-us.html]
[livedemo00.template-help.com/wt_prod-10492/theme/what-we-offer.html]
[livedemo00.template-help.com/wt_prod-10492/theme/our-team.html]
[livedemo00.template-help.com/wt_prod-10492/theme/testimonials.html]
[livedemo00.template-help.com/wt_prod-10492/theme/pricing-list.html]
[livedemo00.template-help.com/wt_prod-10492/theme/grid-blog.html]
[livedemo00.template-help.com/wt_prod-10492/theme/blog-list.html]
[livedemo00.template-help.com/wt_prod-10492/theme/blog-post.html]
[livedemo00.template-help.com/wt_prod-10492/theme/grid-gallery.html]
[livedemo00.template-help.com/wt_prod-10492/theme/grid-fullwidth-gallery.html]
[livedemo00.template-help.com/wt_prod-10492/theme/masonry-gallery.html]
[livedemo00.template-help.com/wt_prod-10492/theme/masonry-fullwidth-gallery.html]
[livedemo00.template-help.com/wt_prod-10492/theme/typography.html]
[livedemo00.template-help.com/wt_prod-10492/theme/icon-lists.html]
[livedemo00.template-help.com/wt_prod-10492/theme/progress-bars.html]
[livedemo00.template-help.com/wt_prod-10492/theme/calls-to-action.html]
[livedemo00.template-help.com/wt_prod-10492/theme/tabs-and-accordions.html]
[livedemo00.template-help.com/wt_prod-10492/theme/buttons.html]
[livedemo00.template-help.com/wt_prod-10492/theme/tables.html]
[livedemo00.template-help.com/wt_prod-10492/theme/forms.html]
[livedemo00.template-help.com/wt_prod-10492/theme/counters.html]
[livedemo00.template-help.com/wt_prod-10492/theme/grid-system.html]
[livedemo00.template-help.com/wt_prod-10492/theme/404-page.html]
[livedemo00.template-help.com/wt_prod-10492/theme/coming-soon.html]
[livedemo00.template-help.com/wt_prod-10492/theme/contact-us.html]
[livedemo00.template-help.com/wt_prod-10492/theme/terms-of-use.html]
[livedemo00.template-help.com/wt_prod-10492/theme/search-results.html]
[livedemo00.template-help.com/wt_prod-10492/theme/grid-shop.html]
[livedemo00.template-help.com/wt_prod-10492/theme/images/banner-1-300x202.jpg]
[livedemo00.template-help.com/wt_prod-10492/theme/ecwid-shop.html]
[livedemo00.template-help.com/wt_prod-10492/theme/shop-list.html]
[livedemo00.template-help.com/wt_prod-10492/theme/single-product.html]
[livedemo00.template-help.com/wt_prod-10492/theme/cart-page.html]
[livedemo00.template-help.com/wt_prod-10492/theme/checkout.html]
[livedemo00.template-help.com/wt_prod-10492/theme/images/product-mini-6-100x90.png]
[livedemo00.template-help.com/wt_prod-10492/theme/images/product-mini-7-100x90.png]
[livedemo00.template-help.com/wt_prod-10492/theme/images/about-5-350x269.jpg]
[livedemo00.template-help.com/wt_prod-10492/theme/images/about-6-350x269.jpg]
[livedemo00.template-help.com/wt_prod-10492/theme/images/about-7-350x269.jpg]
[livedemo00.template-help.com/wt_prod-10492/theme/images/slide-1.jpg]
[livedemo00.template-help.com/wt_prod-10492/theme/images/slide-2.jpg]
[livedemo00.template-help.com/wt_prod-10492/theme/images/slide-3.jpg]
[livedemo00.template-help.com/wt_prod-10492/theme/images/about-8-576x410.jpg]
[livedemo00.template-help.com/wt_prod-10492/theme/images/signature-1-160x55.png]
[livedemo00.template-help.com/wt_prod-10492/theme/images/parallax-3.jpg]
[livedemo00.template-help.com/wt_prod-10492/theme/images/product-1-220x160.png]
[livedemo00.template-help.com/wt_prod-10492/theme/images/product-2-191x132.png]
[livedemo00.template-help.com/wt_prod-10492/theme/images/product-3-238x158.png]
[livedemo00.template-help.com/wt_prod-10492/theme/images/product-7-210x168.png]
[livedemo00.template-help.com/wt_prod-10492/theme/images/product-4-204x125.png]
[livedemo00.template-help.com/wt_prod-10492/theme/images/product-5-204x156.png]
[livedemo00.template-help.com/wt_prod-10492/theme/images/product-6-237x156.png]
[livedemo00.template-help.com/wt_prod-10492/theme/images/product-8-210x133.png]
[livedemo00.template-help.com/wt_prod-10492/theme/images/user-11-62x62.jpg]
[livedemo00.template-help.com/wt_prod-10492/theme/images/user-10-62x62.jpg]
[livedemo00.template-help.com/wt_prod-10492/theme/images/user-6-62x62.jpg]
[livedemo00.template-help.com/wt_prod-10492/theme/images/bg-image-2.png]
[livedemo00.template-help.com/wt_prod-10492/theme/images/bg-image-3.png]
[livedemo00.template-help.com/wt_prod-10492/theme/images/banner-2-670x676.jpg]
[livedemo00.template-help.com/wt_prod-10492/theme/images/banner-3-470x395.jpg]
[livedemo00.template-help.com/wt_prod-10492/theme/images/banner-4-470x250.jpg]
[livedemo00.template-help.com/wt_prod-10492/theme/images/team-11-420x450.png]
[livedemo00.template-help.com/wt_prod-10492/theme/images/team-12-420x450.png]
[livedemo00.template-help.com/wt_prod-10492/theme/images/team-13-420x450.png]
[livedemo00.template-help.com/wt_prod-10492/theme/images/team-14-420x450.png]
[livedemo00.template-help.com/wt_prod-10492/theme/images/product-big-4-470x324.png]
[livedemo00.template-help.com/wt_prod-10492/theme/images/product-big-5-470x324.png]
[livedemo00.template-help.com/wt_prod-10492/theme/images/product-big-6-470x324.png]
[livedemo00.template-help.com/wt_prod-10492/theme/images/clients-1-120x114.png]
[livedemo00.template-help.com/wt_prod-10492/theme/images/clients-2-105x118.png]
[livedemo00.template-help.com/wt_prod-10492/theme/images/clients-3-111x98.png]
[livedemo00.template-help.com/wt_prod-10492/theme/images/clients-4-122x92.png]
[livedemo00.template-help.com/wt_prod-10492/theme/images/clients-5-112x112.png]
[livedemo00.template-help.com/wt_prod-10492/theme/images/post-10-420x368.jpg]
[livedemo00.template-help.com/wt_prod-10492/theme/images/post-11-420x368.jpg]
[livedemo00.template-help.com/wt_prod-10492/theme/images/post-12-420x368.jpg]
[livedemo00.template-help.com/wt_prod-10492/theme/images/post-13-420x368.jpg]
[livedemo00.template-help.com/wt_prod-10492/theme/images/post-14-420x368.jpg]
[livedemo00.template-help.com/wt_prod-10492/theme/images/gmap_marker_active.png]
[livedemo00.template-help.com/wt_prod-10492/theme/images/payment-1-45x15.png]
[livedemo00.template-help.com/wt_prod-10492/theme/images/payment-2-46x28.png]
[livedemo00.template-help.com/wt_prod-10492/theme/images/payment-3-62x17.png]
[livedemo00.template-help.com/wt_prod-10492/theme/js/core.min.js]
[livedemo00.template-help.com/wt_prod-10492/theme/js/script.js]
[livedemo00.template-help.com/wt_prod-10492/theme/index.html]
[livedemo00.template-help.com/wt_prod-10492/theme/css/bootstrap.css]
[livedemo00.template-help.com/wt_prod-10492/theme/fonts/fontawesome-webfont3e6e.eot]
[livedemo00.template-help.com/wt_prod-10492/theme/fonts/fontawesome-webfontd41d.eot]
[livedemo00.template-help.com/wt_prod-10492/theme/fonts/fontawesome-webfont3e6e.woff2]
[livedemo00.template-help.com/wt_prod-10492/theme/fonts/fontawesome-webfont3e6e.woff]
[livedemo00.template-help.com/wt_prod-10492/theme/fonts/fontawesome-webfont3e6e.ttf]
[livedemo00.template-help.com/wt_prod-10492/theme/fonts/fontawesome-webfont3e6e.svg]
[livedemo00.template-help.com/wt_prod-10492/theme/fonts/materialdesignicons-webfont14e6.eot]
[livedemo00.template-help.com/wt_prod-10492/theme/fonts/materialdesignicons-webfontd41d.eot]
[livedemo00.template-help.com/wt_prod-10492/theme/fonts/materialdesignicons-webfont14e6.woff2]
[livedemo00.template-help.com/wt_prod-10492/theme/fonts/materialdesignicons-webfont14e6.woff]
[livedemo00.template-help.com/wt_prod-10492/theme/fonts/materialdesignicons-webfont14e6.ttf]
[livedemo00.template-help.com/wt_prod-10492/theme/fonts/fl-bigmug-line.eot]
[livedemo00.template-help.com/wt_prod-10492/theme/fonts/materialdesignicons-webfont14e6.svg]
[livedemo00.template-help.com/wt_prod-10492/theme/fonts/fl-bigmug-line.woff]
[livedemo00.template-help.com/wt_prod-10492/theme/fonts/fl-bigmug-line.ttf]
[livedemo00.template-help.com/wt_prod-10492/theme/css/fonts.css]
[livedemo00.template-help.com/wt_prod-10492/theme/fonts/fl-bigmug-line.svg]
[livedemo00.template-help.com/wt_prod-10492/theme/images/bg-pattern-3.jpg]
[livedemo00.template-help.com/wt_prod-10492/theme/images/dairy-farm/promo-1-1149x474.jpg]
[livedemo00.template-help.com/wt_prod-10492/theme/images/bg-pattern-boxed.png]
[livedemo00.template-help.com/wt_prod-10492/theme/images/bg-pattern-1.jpg]
[livedemo00.template-help.com/wt_prod-10492/theme/images/bg-about-1.jpg]
[livedemo00.template-help.com/wt_prod-10492/theme/images/bg-pattern-2.jpg]
[livedemo00.template-help.com/wt_prod-10492/theme/fonts/lgd641.eot]
[livedemo00.template-help.com/wt_prod-10492/theme/fonts/lgd41d.eot]
[livedemo00.template-help.com/wt_prod-10492/theme/fonts/lgd641.woff]
[livedemo00.template-help.com/wt_prod-10492/theme/fonts/lgd641.ttf]
[livedemo00.template-help.com/wt_prod-10492/theme/fonts/lgd641.svg]
[livedemo00.template-help.com/wt_prod-10492/theme/images/vimeo-play.png]
[livedemo00.template-help.com/wt_prod-10492/theme/images/video-play.png]
[livedemo00.template-help.com/wt_prod-10492/theme/images/youtube-play.png]
[livedemo00.template-help.com/wt_prod-10492/theme/images/loading.gif]
[livedemo00.template-help.com/wt_prod-10492/theme/images/ajax-loader.gif]
[livedemo00.template-help.com/wt_prod-10492/theme/css/style.css]
[livedemo00.template-help.com/wt_prod-10492/theme/css/style-3.css]
[livedemo00.template-help.com/wt_prod-10492/theme/images/logo-default-3-314x70.png]
[livedemo00.template-help.com/wt_prod-10492/theme/images/logo-inverse-3-314x70.png]
[livedemo00.template-help.com/wt_prod-10492/theme/images/smoothie-shop/slide-1.jpg]
[livedemo00.template-help.com/wt_prod-10492/theme/images/smoothie-shop/slide-2.jpg]
[livedemo00.template-help.com/wt_prod-10492/theme/images/smoothie-shop/index-1-399x407.png]
[livedemo00.template-help.com/wt_prod-10492/theme/images/smoothie-shop/product-1-95x175.png]
[livedemo00.template-help.com/wt_prod-10492/theme/images/smoothie-shop/product-2-95x175.png]
[livedemo00.template-help.com/wt_prod-10492/theme/images/smoothie-shop/product-3-95x175.png]
[livedemo00.template-help.com/wt_prod-10492/theme/images/smoothie-shop/product-7-95x175.png]
[livedemo00.template-help.com/wt_prod-10492/theme/images/smoothie-shop/product-4-95x175.png]
[livedemo00.template-help.com/wt_prod-10492/theme/images/smoothie-shop/product-5-95x175.png]
[livedemo00.template-help.com/wt_prod-10492/theme/images/smoothie-shop/product-6-95x175.png]
[livedemo00.template-help.com/wt_prod-10492/theme/images/smoothie-shop/product-8-95x175.png]
[livedemo00.template-help.com/wt_prod-10492/theme/images/parallax-2.jpg]
[livedemo00.template-help.com/wt_prod-10492/theme/images/smoothie-shop/product-big-1-470x324.png]
[livedemo00.template-help.com/wt_prod-10492/theme/images/smoothie-shop/product-big-2-470x324.png]
[livedemo00.template-help.com/wt_prod-10492/theme/images/smoothie-shop/product-big-3-470x324.png]
[livedemo00.template-help.com/wt_prod-10492/theme/images/user-7-87x87.jpg]
[livedemo00.template-help.com/wt_prod-10492/theme/images/user-8-87x87.jpg]
[livedemo00.template-help.com/wt_prod-10492/theme/images/user-9-87x87.jpg]
[livedemo00.template-help.com/wt_prod-10492/theme/images/masonry-gallery-1-270x250.jpg]
[livedemo00.template-help.com/wt_prod-10492/theme/images/grid-gallery-2-1200x800-original.jpg]
[livedemo00.template-help.com/wt_prod-10492/theme/images/masonry-gallery-2-270x530.jpg]
[livedemo00.template-help.com/wt_prod-10492/theme/images/masonry-gallery-2-1200x800-original.jpg]
[livedemo00.template-help.com/wt_prod-10492/theme/images/masonry-gallery-3-270x250.jpg]
[livedemo00.template-help.com/wt_prod-10492/theme/images/masonry-gallery-3-1200x800-original.jpg]
[livedemo00.template-help.com/wt_prod-10492/theme/images/masonry-gallery-4-270x250.jpg]
[livedemo00.template-help.com/wt_prod-10492/theme/images/masonry-gallery-4-1200x800-original.jpg]
[livedemo00.template-help.com/wt_prod-10492/theme/images/masonry-gallery-5-270x250.jpg]
[livedemo00.template-help.com/wt_prod-10492/theme/images/grid-gallery-3-1200x800-original.jpg]
[livedemo00.template-help.com/wt_prod-10492/theme/images/masonry-gallery-6-570x530.jpg]
[livedemo00.template-help.com/wt_prod-10492/theme/images/grid-fullwidth-gallery-2-1200x800-original.jpg]
[livedemo00.template-help.com/wt_prod-10492/theme/images/masonry-gallery-7-570x250.jpg]
[livedemo00.template-help.com/wt_prod-10492/theme/images/masonry-gallery-7-1200x800-original.jpg]
[livedemo00.template-help.com/wt_prod-10492/theme/images/parallax-4.jpg]
[livedemo00.template-help.com/wt_prod-10492/theme/images/team-4-270x227.jpg]
[livedemo00.template-help.com/wt_prod-10492/theme/images/team-5-270x227.jpg]
[livedemo00.template-help.com/wt_prod-10492/theme/images/team-6-270x227.jpg]
[livedemo00.template-help.com/wt_prod-10492/theme/images/team-7-270x227.jpg]
[livedemo00.template-help.com/wt_prod-10492/theme/images/post-1-370x239.jpg]
[livedemo00.template-help.com/wt_prod-10492/theme/images/post-2-370x239.jpg]
[livedemo00.template-help.com/wt_prod-10492/theme/images/post-3-370x239.jpg]
[livedemo00.template-help.com/wt_prod-10492/theme/images/smoothie-shop/grid-gallery-1-1200x800-original.jpg]
[livedemo00.template-help.com/wt_prod-10492/theme/images/smoothie-shop/grid-gallery-1-93x93.jpg]
[livedemo00.template-help.com/wt_prod-10492/theme/images/smoothie-shop/grid-gallery-2-93x93.jpg]
[livedemo00.template-help.com/wt_prod-10492/theme/images/dairy-farm/grid-gallery-3-93x93.jpg]
[livedemo00.template-help.com/wt_prod-10492/theme/images/smoothie-shop/grid-gallery-4-93x93.jpg]
[livedemo00.template-help.com/wt_prod-10492/theme/images/smoothie-shop/grid-gallery-5-1200x800-original.jpg]
[livedemo00.template-help.com/wt_prod-10492/theme/images/smoothie-shop/grid-gallery-5-93x93.jpg]
[livedemo00.template-help.com/wt_prod-10492/theme/images/smoothie-shop/grid-gallery-6-93x93.jpg]
[livedemo00.template-help.com/wt_prod-10492/theme/smoothie-shop.html]
[livedemo00.template-help.com/wt_prod-10492/theme/css/style-5.css]
[livedemo00.template-help.com/wt_prod-10492/theme/images/logo-default-5-286x124.png]
[livedemo00.template-help.com/wt_prod-10492/theme/images/logo-inverse-5-286x124.png]
[livedemo00.template-help.com/wt_prod-10492/theme/images/fruit-farm/slide-1.jpg]
[livedemo00.template-help.com/wt_prod-10492/theme/images/fruit-farm/slide-2.jpg]
[livedemo00.template-help.com/wt_prod-10492/theme/images/fruit-farm/product-1-234x362.png]
[livedemo00.template-help.com/wt_prod-10492/theme/images/fruit-farm/product-2-200x362.png]
[livedemo00.template-help.com/wt_prod-10492/theme/images/fruit-farm/product-3-220x362.png]
[livedemo00.template-help.com/wt_prod-10492/theme/images/fruit-farm/product-4-195x362.png]
[livedemo00.template-help.com/wt_prod-10492/theme/images/fruit-farm/bg-image-1.jpg]
[livedemo00.template-help.com/wt_prod-10492/theme/images/product-big-7-344x250.png]
[livedemo00.template-help.com/wt_prod-10492/theme/images/product-big-8-358x243.png]
[livedemo00.template-help.com/wt_prod-10492/theme/images/product-10-230x159.png]
[livedemo00.template-help.com/wt_prod-10492/theme/images/product-9-185x155.png]
[livedemo00.template-help.com/wt_prod-10492/theme/images/about-1-634x373.jpg]
[livedemo00.template-help.com/wt_prod-10492/theme/images/about-2-634x373.jpg]
[livedemo00.template-help.com/wt_prod-10492/theme/images/about-3-634x373.jpg]
[livedemo00.template-help.com/wt_prod-10492/theme/images/about-4-634x373.jpg]
[livedemo00.template-help.com/wt_prod-10492/theme/images/about-1-143x114.jpg]
[livedemo00.template-help.com/wt_prod-10492/theme/images/about-2-143x114.jpg]
[livedemo00.template-help.com/wt_prod-10492/theme/images/about-3-143x114.jpg]
[livedemo00.template-help.com/wt_prod-10492/theme/images/about-4-143x114.jpg]
[livedemo00.template-help.com/wt_prod-10492/theme/images/team-1-370x334.jpg]
[livedemo00.template-help.com/wt_prod-10492/theme/images/team-2-370x334.jpg]
[livedemo00.template-help.com/wt_prod-10492/theme/images/team-3-370x334.jpg]
[livedemo00.template-help.com/wt_prod-10492/theme/images/masonry-fullwidth-gallery-1-480x314.jpg]
[livedemo00.template-help.com/wt_prod-10492/theme/images/masonry-fullwidth-gallery-1-1200x800-original.jpg]
[livedemo00.template-help.com/wt_prod-10492/theme/images/masonry-fullwidth-gallery-2-480x314.jpg]
[livedemo00.template-help.com/wt_prod-10492/theme/images/masonry-fullwidth-gallery-2-1200x800-original.jpg]
[livedemo00.template-help.com/wt_prod-10492/theme/images/masonry-fullwidth-gallery-3-480x628.jpg]
[livedemo00.template-help.com/wt_prod-10492/theme/images/masonry-fullwidth-gallery-3-1200x800-original.jpg]
[livedemo00.template-help.com/wt_prod-10492/theme/images/masonry-fullwidth-gallery-4-480x314.jpg]
[livedemo00.template-help.com/wt_prod-10492/theme/images/masonry-fullwidth-gallery-4-1200x800-original.jpg]
[livedemo00.template-help.com/wt_prod-10492/theme/images/masonry-fullwidth-gallery-5-480x314.jpg]
[livedemo00.template-help.com/wt_prod-10492/theme/images/masonry-fullwidth-gallery-5-1200x800-original.jpg]
[livedemo00.template-help.com/wt_prod-10492/theme/images/masonry-fullwidth-gallery-6-480x314.jpg]
[livedemo00.template-help.com/wt_prod-10492/theme/images/masonry-fullwidth-gallery-6-1200x800-original.jpg]
[livedemo00.template-help.com/wt_prod-10492/theme/images/masonry-fullwidth-gallery-7-480x314.jpg]
[livedemo00.template-help.com/wt_prod-10492/theme/images/masonry-fullwidth-gallery-7-1200x800-original.jpg]
[livedemo00.template-help.com/wt_prod-10492/theme/images/parallax-1.jpg]
[livedemo00.template-help.com/wt_prod-10492/theme/images/fruit-farm/post-1-550x247.jpg]
[livedemo00.template-help.com/wt_prod-10492/theme/images/fruit-farm/post-2-550x247.jpg]
[livedemo00.template-help.com/wt_prod-10492/theme/fruit-farm.html]
[livedemo00.template-help.com/wt_prod-10492/theme/css/style-1.css]
[livedemo00.template-help.com/wt_prod-10492/theme/images/logo-default-1-258x136.png]
[livedemo00.template-help.com/wt_prod-10492/theme/images/logo-inverse-1-258x136.png]
[livedemo00.template-help.com/wt_prod-10492/theme/images/poultry-farm/about-1-350x269.jpg]
[livedemo00.template-help.com/wt_prod-10492/theme/images/poultry-farm/about-2-350x269.jpg]
[livedemo00.template-help.com/wt_prod-10492/theme/images/poultry-farm/about-3-350x269.jpg]
[livedemo00.template-help.com/wt_prod-10492/theme/images/poultry-farm/slide-1.jpg]
[livedemo00.template-help.com/wt_prod-10492/theme/images/poultry-farm/slide-2.jpg]
[livedemo00.template-help.com/wt_prod-10492/theme/images/poultry-farm/about-4-634x373.jpg]
[livedemo00.template-help.com/wt_prod-10492/theme/images/poultry-farm/about-5-634x373.jpg]
[livedemo00.template-help.com/wt_prod-10492/theme/images/poultry-farm/about-6-634x373.jpg]
[livedemo00.template-help.com/wt_prod-10492/theme/images/poultry-farm/about-7-634x373.jpg]
[livedemo00.template-help.com/wt_prod-10492/theme/images/poultry-farm/about-4-143x114.jpg]
[livedemo00.template-help.com/wt_prod-10492/theme/images/poultry-farm/about-5-143x114.jpg]
[livedemo00.template-help.com/wt_prod-10492/theme/images/poultry-farm/about-6-143x114.jpg]
[livedemo00.template-help.com/wt_prod-10492/theme/images/poultry-farm/about-7-143x114.jpg]
[livedemo00.template-help.com/wt_prod-10492/theme/images/poultry-farm/parallax-1.jpg]
[livedemo00.template-help.com/wt_prod-10492/theme/images/poultry-farm/grid-gallery-1-1200x800-original.jpg]
[livedemo00.template-help.com/wt_prod-10492/theme/images/poultry-farm/grid-gallery-1-570x399.jpg]
[livedemo00.template-help.com/wt_prod-10492/theme/images/poultry-farm/grid-gallery-2-1200x800-original.jpg]
[livedemo00.template-help.com/wt_prod-10492/theme/images/poultry-farm/grid-gallery-2-570x399.jpg]
[livedemo00.template-help.com/wt_prod-10492/theme/images/poultry-farm/grid-gallery-3-1200x800-original.jpg]
[livedemo00.template-help.com/wt_prod-10492/theme/images/poultry-farm/grid-gallery-3-570x399.jpg]
[livedemo00.template-help.com/wt_prod-10492/theme/images/poultry-farm/grid-gallery-4-1200x800-original.jpg]
[livedemo00.template-help.com/wt_prod-10492/theme/images/poultry-farm/grid-gallery-4-570x399.jpg]
[livedemo00.template-help.com/wt_prod-10492/theme/images/poultry-farm/grid-gallery-5-1200x800-original.jpg]
[livedemo00.template-help.com/wt_prod-10492/theme/images/poultry-farm/grid-gallery-5-570x399.jpg]
[livedemo00.template-help.com/wt_prod-10492/theme/images/poultry-farm/grid-gallery-6-1200x800-original.jpg]
[livedemo00.template-help.com/wt_prod-10492/theme/images/poultry-farm/grid-gallery-6-570x399.jpg]
[livedemo00.template-help.com/wt_prod-10492/theme/images/user-5-62x62.jpg]
[livedemo00.template-help.com/wt_prod-10492/theme/images/poultry-farm/post-1-550x247.jpg]
[livedemo00.template-help.com/wt_prod-10492/theme/images/poultry-farm/post-2-550x247.jpg]
[livedemo00.template-help.com/wt_prod-10492/theme/poultry-farm.html]
[livedemo00.template-help.com/wt_prod-10492/theme/css/style-4.css]
[livedemo00.template-help.com/wt_prod-10492/theme/images/logo-default-4-272x170.png]
[livedemo00.template-help.com/wt_prod-10492/theme/images/logo-inverse-4-272x170.png]
[livedemo00.template-help.com/wt_prod-10492/theme/images/logo-default-4-336x80.png]
[livedemo00.template-help.com/wt_prod-10492/theme/images/winery/bg-image-1.jpg]
[livedemo00.template-help.com/wt_prod-10492/theme/images/winery/product-big-1-186x597.png]
[livedemo00.template-help.com/wt_prod-10492/theme/images/winery/product-big-2-186x597.png]
[livedemo00.template-help.com/wt_prod-10492/theme/images/winery/product-big-3-186x597.png]
[livedemo00.template-help.com/wt_prod-10492/theme/images/winery/bg-image-2.jpg]
[livedemo00.template-help.com/wt_prod-10492/theme/images/signature-2-230x78.png]
[livedemo00.template-help.com/wt_prod-10492/theme/images/winery/product-1-84x210.png]
[livedemo00.template-help.com/wt_prod-10492/theme/images/winery/product-2-84x210.png]
[livedemo00.template-help.com/wt_prod-10492/theme/images/winery/product-3-84x210.png]
[livedemo00.template-help.com/wt_prod-10492/theme/images/winery/product-7-84x210.png]
[livedemo00.template-help.com/wt_prod-10492/theme/images/winery/product-4-84x210.png]
[livedemo00.template-help.com/wt_prod-10492/theme/images/winery/product-5-84x210.png]
[livedemo00.template-help.com/wt_prod-10492/theme/images/winery/product-6-84x210.png]
[livedemo00.template-help.com/wt_prod-10492/theme/images/winery/product-8-84x210.png]
[livedemo00.template-help.com/wt_prod-10492/theme/images/winery/image-1-1010x608.jpg]
[livedemo00.template-help.com/wt_prod-10492/theme/images/team-18-250x233.jpg]
[livedemo00.template-help.com/wt_prod-10492/theme/images/team-19-250x233.jpg]
[livedemo00.template-help.com/wt_prod-10492/theme/images/team-20-250x233.jpg]
[livedemo00.template-help.com/wt_prod-10492/theme/images/parallax-5.jpg]
[livedemo00.template-help.com/wt_prod-10492/theme/images/user-12-62x62.jpg]
[livedemo00.template-help.com/wt_prod-10492/theme/images/user-1-62x62.jpg]
[livedemo00.template-help.com/wt_prod-10492/theme/images/winery/event-1-385x392.jpg]
[livedemo00.template-help.com/wt_prod-10492/theme/images/winery/event-2-385x392.jpg]
[livedemo00.template-help.com/wt_prod-10492/theme/images/winery/event-3-385x392.jpg]
[livedemo00.template-help.com/wt_prod-10492/theme/images/winery/grid-gallery-1-1200x800-original.jpg]
[livedemo00.template-help.com/wt_prod-10492/theme/images/winery/grid-gallery-1-290x219.jpg]
[livedemo00.template-help.com/wt_prod-10492/theme/images/winery/grid-gallery-2-1200x800-original.jpg]
[livedemo00.template-help.com/wt_prod-10492/theme/images/winery/grid-gallery-2-290x219.jpg]
[livedemo00.template-help.com/wt_prod-10492/theme/images/winery/grid-gallery-3-1200x800-original.jpg]
[livedemo00.template-help.com/wt_prod-10492/theme/images/winery/grid-gallery-3-290x219.jpg]
[livedemo00.template-help.com/wt_prod-10492/theme/images/winery/grid-gallery-4-800x800-original.jpg]
[livedemo00.template-help.com/wt_prod-10492/theme/images/winery/grid-gallery-4-290x219.jpg]
[livedemo00.template-help.com/wt_prod-10492/theme/images/winery/grid-gallery-5-1200x800-original.jpg]
[livedemo00.template-help.com/wt_prod-10492/theme/images/winery/grid-gallery-5-290x219.jpg]
[livedemo00.template-help.com/wt_prod-10492/theme/images/winery/grid-gallery-6-1200x800-original.jpg]
[livedemo00.template-help.com/wt_prod-10492/theme/images/winery/grid-gallery-6-290x219.jpg]
[livedemo00.template-help.com/wt_prod-10492/theme/images/clients-11-86x76.png]
[livedemo00.template-help.com/wt_prod-10492/theme/images/clients-12-91x87.png]
[livedemo00.template-help.com/wt_prod-10492/theme/images/clients-13-78x88.png]
[livedemo00.template-help.com/wt_prod-10492/theme/winery.html]
[livedemo00.template-help.com/wt_prod-10492/theme/css/style-2.css]
[livedemo00.template-help.com/wt_prod-10492/theme/images/logo-default-2-206x114.png]
[livedemo00.template-help.com/wt_prod-10492/theme/images/logo-inverse-2-206x114.png]
[livedemo00.template-help.com/wt_prod-10492/theme/images/dairy-farm/slide-1.jpg]
[livedemo00.template-help.com/wt_prod-10492/theme/images/dairy-farm/slide-2.jpg]
[livedemo00.template-help.com/wt_prod-10492/theme/images/dairy-farm/about-1-340x243.jpg]
[livedemo00.template-help.com/wt_prod-10492/theme/images/dairy-farm/about-2-340x243.jpg]
[livedemo00.template-help.com/wt_prod-10492/theme/images/dairy-farm/about-3-340x243.jpg]
[livedemo00.template-help.com/wt_prod-10492/theme/images/dairy-farm/product-1-173x154.png]
[livedemo00.template-help.com/wt_prod-10492/theme/images/dairy-farm/product-2-51x176.png]
[livedemo00.template-help.com/wt_prod-10492/theme/images/dairy-farm/product-3-128x164.png]
[livedemo00.template-help.com/wt_prod-10492/theme/images/dairy-farm/product-4-215x136.png]
[livedemo00.template-help.com/wt_prod-10492/theme/images/dairy-farm/index-1-386x441.png]
[livedemo00.template-help.com/wt_prod-10492/theme/images/dairy-farm/bg-cta.jpg]
[livedemo00.template-help.com/wt_prod-10492/theme/images/dairy-farm/about-4-570x511.jpg]
[livedemo00.template-help.com/wt_prod-10492/theme/images/team-8-249x249.jpg]
[livedemo00.template-help.com/wt_prod-10492/theme/images/team-9-249x249.jpg]
[livedemo00.template-help.com/wt_prod-10492/theme/images/team-10-249x249.jpg]
[livedemo00.template-help.com/wt_prod-10492/theme/images/dairy-farm/bg-cta-1.jpg]
[livedemo00.template-help.com/wt_prod-10492/theme/images/dairy-farm/post-1-570x461.jpg]
[livedemo00.template-help.com/wt_prod-10492/theme/images/dairy-farm/post-2-270x215.jpg]
[livedemo00.template-help.com/wt_prod-10492/theme/images/dairy-farm/post-3-270x215.jpg]
[livedemo00.template-help.com/wt_prod-10492/theme/images/clients-6-120x114.png]
[livedemo00.template-help.com/wt_prod-10492/theme/images/clients-7-105x118.png]
[livedemo00.template-help.com/wt_prod-10492/theme/images/clients-8-111x98.png]
[livedemo00.template-help.com/wt_prod-10492/theme/images/clients-9-122x92.png]
[livedemo00.template-help.com/wt_prod-10492/theme/images/clients-10-112x112.png]
[livedemo00.template-help.com/wt_prod-10492/theme/images/dairy-farm/grid-gallery-1-1200x800-original.jpg]
[livedemo00.template-help.com/wt_prod-10492/theme/images/dairy-farm/grid-gallery-1-93x93.jpg]
[livedemo00.template-help.com/wt_prod-10492/theme/images/dairy-farm/grid-gallery-2-1200x800-original.jpg]
[livedemo00.template-help.com/wt_prod-10492/theme/images/dairy-farm/grid-gallery-2-93x93.jpg]
[livedemo00.template-help.com/wt_prod-10492/theme/images/dairy-farm/grid-gallery-4-1200x800-original.jpg]
[livedemo00.template-help.com/wt_prod-10492/theme/images/dairy-farm/grid-gallery-4-93x93.jpg]
[livedemo00.template-help.com/wt_prod-10492/theme/images/dairy-farm/grid-gallery-5-1200x800-original.jpg]
[livedemo00.template-help.com/wt_prod-10492/theme/images/dairy-farm/grid-gallery-5-93x93.jpg]
[livedemo00.template-help.com/wt_prod-10492/theme/images/dairy-farm/grid-gallery-6-93x93.jpg]
[livedemo00.template-help.com/wt_prod-10492/theme/dairy-farm.html]
[livedemo00.template-help.com/wt_prod-10492/theme/images/bg-about.jpg]
[livedemo00.template-help.com/wt_prod-10492/theme/images/team-15-370x334.jpg]
[livedemo00.template-help.com/wt_prod-10492/theme/images/team-16-370x334.jpg]
[livedemo00.template-help.com/wt_prod-10492/theme/images/team-17-370x334.jpg]
[livedemo00.template-help.com/wt_prod-10492/theme/about-us.html]
[livedemo00.template-help.com/wt_prod-10492/theme/images/bg-offer.jpg]
[livedemo00.template-help.com/wt_prod-10492/theme/images/pricing-1-346x229.jpg]
[livedemo00.template-help.com/wt_prod-10492/theme/images/pricing-2-346x229.jpg]
[livedemo00.template-help.com/wt_prod-10492/theme/images/pricing-3-346x229.jpg]
[livedemo00.template-help.com/wt_prod-10492/theme/what-we-offer.html]
[livedemo00.template-help.com/wt_prod-10492/theme/images/bg-team.jpg]
[livedemo00.template-help.com/wt_prod-10492/theme/our-team.html]
[livedemo00.template-help.com/wt_prod-10492/theme/images/bg-testimonials.jpg]
[livedemo00.template-help.com/wt_prod-10492/theme/testimonials.html]
[livedemo00.template-help.com/wt_prod-10492/theme/images/bg-pricing.jpg]
[livedemo00.template-help.com/wt_prod-10492/theme/pricing-list.html]
[livedemo00.template-help.com/wt_prod-10492/theme/images/bg-blog.jpg]
[livedemo00.template-help.com/wt_prod-10492/theme/images/post-4-370x239.jpg]
[livedemo00.template-help.com/wt_prod-10492/theme/images/post-5-370x239.jpg]
[livedemo00.template-help.com/wt_prod-10492/theme/images/post-6-370x239.jpg]
[livedemo00.template-help.com/wt_prod-10492/theme/grid-blog.html]
[livedemo00.template-help.com/wt_prod-10492/theme/images/post-7-800x394.jpg]
[livedemo00.template-help.com/wt_prod-10492/theme/images/post-8-800x394.jpg]
[livedemo00.template-help.com/wt_prod-10492/theme/images/post-9-800x394.jpg]
[livedemo00.template-help.com/wt_prod-10492/theme/images/user-4-123x123.jpg]
[livedemo00.template-help.com/wt_prod-10492/theme/images/post-mini-1-106x104.jpg]
[livedemo00.template-help.com/wt_prod-10492/theme/images/post-mini-2-106x104.jpg]
[livedemo00.template-help.com/wt_prod-10492/theme/blog-list.html]
[livedemo00.template-help.com/wt_prod-10492/theme/images/user-1-119x119.jpg]
[livedemo00.template-help.com/wt_prod-10492/theme/images/user-2-119x119.jpg]
[livedemo00.template-help.com/wt_prod-10492/theme/images/user-3-119x119.jpg]
[livedemo00.template-help.com/wt_prod-10492/theme/blog-post.html]
[livedemo00.template-help.com/wt_prod-10492/theme/images/bg-gallery.jpg]
[livedemo00.template-help.com/wt_prod-10492/theme/images/grid-gallery-1-370x315.jpg]
[livedemo00.template-help.com/wt_prod-10492/theme/images/grid-gallery-1-1200x800-original.jpg]
[livedemo00.template-help.com/wt_prod-10492/theme/images/grid-gallery-2-370x315.jpg]
[livedemo00.template-help.com/wt_prod-10492/theme/images/grid-gallery-3-370x315.jpg]
[livedemo00.template-help.com/wt_prod-10492/theme/images/grid-gallery-4-370x315.jpg]
[livedemo00.template-help.com/wt_prod-10492/theme/images/grid-gallery-4-1200x800-original.jpg]
[livedemo00.template-help.com/wt_prod-10492/theme/images/grid-gallery-5-370x315.jpg]
[livedemo00.template-help.com/wt_prod-10492/theme/images/grid-gallery-5-1200x800-original.jpg]
[livedemo00.template-help.com/wt_prod-10492/theme/images/grid-gallery-6-370x315.jpg]
[livedemo00.template-help.com/wt_prod-10492/theme/images/grid-gallery-6-1200x800-original.jpg]
[livedemo00.template-help.com/wt_prod-10492/theme/grid-gallery.html]
[livedemo00.template-help.com/wt_prod-10492/theme/images/grid-fullwidth-gallery-1-480x339.jpg]
[livedemo00.template-help.com/wt_prod-10492/theme/images/grid-fullwidth-gallery-2-480x339.jpg]
[livedemo00.template-help.com/wt_prod-10492/theme/images/grid-fullwidth-gallery-3-1200x800-original.jpg]
[livedemo00.template-help.com/wt_prod-10492/theme/images/grid-fullwidth-gallery-3-480x339.jpg]
[livedemo00.template-help.com/wt_prod-10492/theme/images/grid-fullwidth-gallery-4-480x339.jpg]
[livedemo00.template-help.com/wt_prod-10492/theme/images/grid-fullwidth-gallery-5-1200x800-original.jpg]
[livedemo00.template-help.com/wt_prod-10492/theme/images/grid-fullwidth-gallery-5-480x339.jpg]
[livedemo00.template-help.com/wt_prod-10492/theme/images/grid-fullwidth-gallery-6-1200x800-original.jpg]
[livedemo00.template-help.com/wt_prod-10492/theme/images/grid-fullwidth-gallery-6-480x339.jpg]
[livedemo00.template-help.com/wt_prod-10492/theme/images/grid-fullwidth-gallery-7-480x339.jpg]
[livedemo00.template-help.com/wt_prod-10492/theme/images/grid-fullwidth-gallery-8-1200x800-original.jpg]
[livedemo00.template-help.com/wt_prod-10492/theme/images/grid-fullwidth-gallery-8-480x339.jpg]
[livedemo00.template-help.com/wt_prod-10492/theme/grid-fullwidth-gallery.html]
[livedemo00.template-help.com/wt_prod-10492/theme/images/bg-gallery-2.jpg]
[livedemo00.template-help.com/wt_prod-10492/theme/masonry-gallery.html]
[livedemo00.template-help.com/wt_prod-10492/theme/masonry-fullwidth-gallery.html]
[livedemo00.template-help.com/wt_prod-10492/theme/images/bg-elements.jpg]
[livedemo00.template-help.com/wt_prod-10492/theme/typography.html]
[livedemo00.template-help.com/wt_prod-10492/theme/images/bg-elements-4.jpg]
[livedemo00.template-help.com/wt_prod-10492/theme/icon-lists.html]
[livedemo00.template-help.com/wt_prod-10492/theme/progress-bars.html]
[livedemo00.template-help.com/wt_prod-10492/theme/calls-to-action.html]
[livedemo00.template-help.com/wt_prod-10492/theme/images/bg-elements-2.jpg]
[livedemo00.template-help.com/wt_prod-10492/theme/tabs-and-accordions.html]
[livedemo00.template-help.com/wt_prod-10492/theme/images/bg-elements-1.jpg]
[livedemo00.template-help.com/wt_prod-10492/theme/buttons.html]
[livedemo00.template-help.com/wt_prod-10492/theme/tables.html]
[livedemo00.template-help.com/wt_prod-10492/theme/forms.html]
[livedemo00.template-help.com/wt_prod-10492/theme/counters.html]
[livedemo00.template-help.com/wt_prod-10492/theme/grid-system.html]
[livedemo00.template-help.com/wt_prod-10492/theme/images/bg-404.jpg]
[livedemo00.template-help.com/wt_prod-10492/theme/404-page.html]
[livedemo00.template-help.com/wt_prod-10492/theme/images/bg-soon.jpg]
[livedemo00.template-help.com/wt_prod-10492/theme/coming-soon.html]
[livedemo00.template-help.com/wt_prod-10492/theme/images/bg-contacts.jpg]
[livedemo00.template-help.com/wt_prod-10492/theme/contact-us.html]
[livedemo00.template-help.com/wt_prod-10492/theme/terms-of-use.html]
[livedemo00.template-help.com/wt_prod-10492/theme/search-results.html]
[livedemo00.template-help.com/wt_prod-10492/theme/images/bg-shop.jpg]
[livedemo00.template-help.com/wt_prod-10492/theme/images/product-mini-1-106x104.png]
[livedemo00.template-help.com/wt_prod-10492/theme/images/product-mini-2-106x104.png]
[livedemo00.template-help.com/wt_prod-10492/theme/images/product-mini-3-106x104.png]
[livedemo00.template-help.com/wt_prod-10492/theme/grid-shop.html]
[app.ecwid.com/script0475.js]
[livedemo00.template-help.com/wt_prod-10492/theme/ecwid-shop.html]
[livedemo00.template-help.com/wt_prod-10492/theme/images/product-big-1-328x330.png]
[livedemo00.template-help.com/wt_prod-10492/theme/images/product-big-2-328x330.png]
[livedemo00.template-help.com/wt_prod-10492/theme/images/product-big-3-328x330.png]
[livedemo00.template-help.com/wt_prod-10492/theme/shop-list.html]
[livedemo00.template-help.com/wt_prod-10492/theme/images/single-product-1-530x480.png]
[livedemo00.template-help.com/wt_prod-10492/theme/images/single-product-2-530x480.jpg]
[livedemo00.template-help.com/wt_prod-10492/theme/images/single-product-3-530x480.jpg]
[livedemo00.template-help.com/wt_prod-10492/theme/single-product.html]
[livedemo00.template-help.com/wt_prod-10492/theme/images/product-mini-4-146x132.png]
[livedemo00.template-help.com/wt_prod-10492/theme/images/product-mini-5-146x132.png]
[livedemo00.template-help.com/wt_prod-10492/theme/cart-page.html]
[livedemo00.template-help.com/wt_prod-10492/theme/checkout.html]
[www.googletagmanager.com/gtm5445.html]
[livedemo00.template-help.com/wt_prod-10492/theme/fonts/fontawesome-webfont3e6e.svg]
[livedemo00.template-help.com/wt_prod-10492/theme/fonts/materialdesignicons-webfont14e6.svg]
[livedemo00.template-help.com/wt_prod-10492/theme/fonts/fl-bigmug-line.svg]
[livedemo00.template-help.com/wt_prod-10492/theme/images/bg-pattern-boxed.html]
[livedemo00.template-help.com/wt_prod-10492/theme/fonts/lgd641.svg]
[livedemo00.template-help.com/wt_prod-10492/theme/css/style-3.css]
[livedemo00.template-help.com/wt_prod-10492/theme/css/style-5.css]
[livedemo00.template-help.com/wt_prod-10492/theme/css/style-1.css]
[livedemo00.template-help.com/wt_prod-10492/theme/css/style-4.css]
[livedemo00.template-help.com/wt_prod-10492/theme/css/style-2.css]
